###############################################################################
#
# IAR ELF Linker V7.50.3.10732/W32 for ARM                03/Aug/2019  15:49:08
# Copyright 2007-2016 IAR Systems AB.
#
#    Output file  =  
#        C:\Users\tsc\Documents\Kochi_STM32F303RE\Debug\Exe\STM32F303RE.out
#    Map file     =  
#        C:\Users\tsc\Documents\Kochi_STM32F303RE\Debug\List\STM32F303RE.map
#    Command line =  
#        C:\Users\tsc\Documents\Kochi_STM32F303RE\Debug\Obj\heap_1.o
#        C:\Users\tsc\Documents\Kochi_STM32F303RE\Debug\Obj\list.o
#        C:\Users\tsc\Documents\Kochi_STM32F303RE\Debug\Obj\main.o
#        C:\Users\tsc\Documents\Kochi_STM32F303RE\Debug\Obj\port.o
#        C:\Users\tsc\Documents\Kochi_STM32F303RE\Debug\Obj\portasm.o
#        C:\Users\tsc\Documents\Kochi_STM32F303RE\Debug\Obj\queue.o
#        C:\Users\tsc\Documents\Kochi_STM32F303RE\Debug\Obj\startup_stm32f303xe.o
#        C:\Users\tsc\Documents\Kochi_STM32F303RE\Debug\Obj\stm32f3xx_hal_pwr.o
#        C:\Users\tsc\Documents\Kochi_STM32F303RE\Debug\Obj\stm32f3xx_hal_rcc.o
#        C:\Users\tsc\Documents\Kochi_STM32F303RE\Debug\Obj\system_stm32f3xx.o
#        C:\Users\tsc\Documents\Kochi_STM32F303RE\Debug\Obj\tasks.o
#        C:\Users\tsc\Documents\Kochi_STM32F303RE\Debug\Obj\timers.o -o
#        C:\Users\tsc\Documents\Kochi_STM32F303RE\Debug\Exe\STM32F303RE.out
#        --map
#        C:\Users\tsc\Documents\Kochi_STM32F303RE\Debug\List\STM32F303RE.map
#        --config
#        C:\Users\tsc\Documents\Kochi_STM32F303RE\STM32Cube_FW_F3_V1.10.0\Projects\STM32F303RE-Nucleo\Templates\EWARM\stm32f303xe_flash.icf
#        --semihosting --entry __iar_program_start --vfe
#
###############################################################################

*******************************************************************************
*** RUNTIME MODEL ATTRIBUTES
***

CppFlavor       = *
__SystemLibrary = DLib


*******************************************************************************
*** PLACEMENT SUMMARY
***

"A1":  place at 0x08000000 { ro section .intvec };
"P1":  place in [from 0x08000000 to 0x0807ffff] { ro };
"P2":  place in [from 0x20000000 to 0x2000ffff] { rw, block CSTACK, block HEAP };

  Section            Kind        Address    Size  Object
  -------            ----        -------    ----  ------
"A1":                                      0x194
  .intvec            ro code  0x08000000   0x194  startup_stm32f303xe.o [1]
                            - 0x08000194   0x194

"P1":                                      0xc8c
  .text              ro code  0x08000194   0x604  tasks.o [1]
  CODE               ro code  0x08000798    0x9c  portasm.o [1]
  .text              ro code  0x08000834   0x174  port.o [1]
  .text              ro code  0x080009a8    0x62  list.o [1]
  .text              ro code  0x08000a0c    0x80  heap_1.o [1]
  .text              ro code  0x08000a8c    0x66  ABImemset.o [5]
  .text              ro code  0x08000af4    0x98  system_stm32f3xx.o [1]
  .text              ro code  0x08000b8c    0x40  zero_init3.o [5]
  .text              ro code  0x08000bcc    0x2c  copy_init3.o [5]
  .text              ro code  0x08000bf8    0x28  data_init.o [5]
  .text              ro code  0x08000c20    0x22  fpinit_M.o [4]
  .iar.init_table    const    0x08000c44    0x24  - Linker created -
  .text              ro code  0x08000c68    0x1a  cmain.o [5]
  .text              ro code  0x08000c82     0x4  low_level_init.o [3]
  .text              ro code  0x08000c86     0x8  main.o [1]
  .text              ro code  0x08000c8e     0x4  exit.o [3]
  .text              ro code  0x08000c94     0xa  cexit.o [5]
  .text              ro code  0x08000ca0    0x14  exit.o [6]
  .text              ro code  0x08000cb4    0x10  startup_stm32f303xe.o [1]
  .text              ro code  0x08000cc4     0xc  cstartup_M.o [5]
  .rodata            const    0x08000cd0     0x8  tasks.o [1]
  Initializer bytes  const    0x08000cd8     0x8  <for P2-1>
  .text              ro code  0x08000ce0     0x4  startup_stm32f303xe.o [1]
  .text              ro code  0x08000ce4     0x4  startup_stm32f303xe.o [1]
  .text              ro code  0x08000ce8     0x4  startup_stm32f303xe.o [1]
  .text              ro code  0x08000cec     0x4  startup_stm32f303xe.o [1]
  .text              ro code  0x08000cf0     0x4  startup_stm32f303xe.o [1]
  .text              ro code  0x08000cf4     0x4  startup_stm32f303xe.o [1]
  .text              ro code  0x08000cf8     0x4  startup_stm32f303xe.o [1]
  .text              ro code  0x08000cfc     0x4  startup_stm32f303xe.o [1]
  .text              ro code  0x08000d00     0x4  startup_stm32f303xe.o [1]
  .text              ro code  0x08000d04     0x4  startup_stm32f303xe.o [1]
  .text              ro code  0x08000d08     0x4  startup_stm32f303xe.o [1]
  .text              ro code  0x08000d0c     0x4  startup_stm32f303xe.o [1]
  .text              ro code  0x08000d10     0x4  startup_stm32f303xe.o [1]
  .text              ro code  0x08000d14     0x4  startup_stm32f303xe.o [1]
  .text              ro code  0x08000d18     0x4  startup_stm32f303xe.o [1]
  .text              ro code  0x08000d1c     0x4  startup_stm32f303xe.o [1]
  .text              ro code  0x08000d20     0x4  startup_stm32f303xe.o [1]
  .text              ro code  0x08000d24     0x4  startup_stm32f303xe.o [1]
  .text              ro code  0x08000d28     0x4  startup_stm32f303xe.o [1]
  .text              ro code  0x08000d2c     0x4  startup_stm32f303xe.o [1]
  .text              ro code  0x08000d30     0x4  startup_stm32f303xe.o [1]
  .text              ro code  0x08000d34     0x4  startup_stm32f303xe.o [1]
  .text              ro code  0x08000d38     0x4  startup_stm32f303xe.o [1]
  .text              ro code  0x08000d3c     0x4  startup_stm32f303xe.o [1]
  .text              ro code  0x08000d40     0x4  startup_stm32f303xe.o [1]
  .text              ro code  0x08000d44     0x4  startup_stm32f303xe.o [1]
  .text              ro code  0x08000d48     0x4  startup_stm32f303xe.o [1]
  .text              ro code  0x08000d4c     0x4  startup_stm32f303xe.o [1]
  .text              ro code  0x08000d50     0x4  startup_stm32f303xe.o [1]
  .text              ro code  0x08000d54     0x4  startup_stm32f303xe.o [1]
  .text              ro code  0x08000d58     0x4  startup_stm32f303xe.o [1]
  .text              ro code  0x08000d5c     0x4  startup_stm32f303xe.o [1]
  .text              ro code  0x08000d60     0x4  startup_stm32f303xe.o [1]
  .text              ro code  0x08000d64     0x4  startup_stm32f303xe.o [1]
  .text              ro code  0x08000d68     0x4  startup_stm32f303xe.o [1]
  .text              ro code  0x08000d6c     0x4  startup_stm32f303xe.o [1]
  .text              ro code  0x08000d70     0x4  startup_stm32f303xe.o [1]
  .text              ro code  0x08000d74     0x4  startup_stm32f303xe.o [1]
  .text              ro code  0x08000d78     0x4  startup_stm32f303xe.o [1]
  .text              ro code  0x08000d7c     0x4  startup_stm32f303xe.o [1]
  .text              ro code  0x08000d80     0x4  startup_stm32f303xe.o [1]
  .text              ro code  0x08000d84     0x4  startup_stm32f303xe.o [1]
  .text              ro code  0x08000d88     0x4  startup_stm32f303xe.o [1]
  .text              ro code  0x08000d8c     0x4  startup_stm32f303xe.o [1]
  .text              ro code  0x08000d90     0x4  startup_stm32f303xe.o [1]
  .text              ro code  0x08000d94     0x4  startup_stm32f303xe.o [1]
  .text              ro code  0x08000d98     0x4  startup_stm32f303xe.o [1]
  .text              ro code  0x08000d9c     0x4  startup_stm32f303xe.o [1]
  .text              ro code  0x08000da0     0x4  startup_stm32f303xe.o [1]
  .text              ro code  0x08000da4     0x4  startup_stm32f303xe.o [1]
  .text              ro code  0x08000da8     0x4  startup_stm32f303xe.o [1]
  .text              ro code  0x08000dac     0x4  startup_stm32f303xe.o [1]
  .text              ro code  0x08000db0     0x4  startup_stm32f303xe.o [1]
  .text              ro code  0x08000db4     0x4  startup_stm32f303xe.o [1]
  .text              ro code  0x08000db8     0x4  startup_stm32f303xe.o [1]
  .text              ro code  0x08000dbc     0x4  startup_stm32f303xe.o [1]
  .text              ro code  0x08000dc0     0x4  startup_stm32f303xe.o [1]
  .text              ro code  0x08000dc4     0x4  startup_stm32f303xe.o [1]
  .text              ro code  0x08000dc8     0x4  startup_stm32f303xe.o [1]
  .text              ro code  0x08000dcc     0x4  startup_stm32f303xe.o [1]
  .text              ro code  0x08000dd0     0x4  startup_stm32f303xe.o [1]
  .text              ro code  0x08000dd4     0x4  startup_stm32f303xe.o [1]
  .text              ro code  0x08000dd8     0x4  startup_stm32f303xe.o [1]
  .text              ro code  0x08000ddc     0x4  startup_stm32f303xe.o [1]
  .text              ro code  0x08000de0     0x4  startup_stm32f303xe.o [1]
  .text              ro code  0x08000de4     0x4  startup_stm32f303xe.o [1]
  .text              ro code  0x08000de8     0x4  startup_stm32f303xe.o [1]
  .text              ro code  0x08000dec     0x4  startup_stm32f303xe.o [1]
  .text              ro code  0x08000df0     0x4  startup_stm32f303xe.o [1]
  .text              ro code  0x08000df4     0x4  startup_stm32f303xe.o [1]
  .text              ro code  0x08000df8     0x4  startup_stm32f303xe.o [1]
  .text              ro code  0x08000dfc     0x4  startup_stm32f303xe.o [1]
  .text              ro code  0x08000e00     0x4  startup_stm32f303xe.o [1]
  .text              ro code  0x08000e04     0x4  startup_stm32f303xe.o [1]
  .text              ro code  0x08000e08     0x4  startup_stm32f303xe.o [1]
  .text              ro code  0x08000e0c     0x4  startup_stm32f303xe.o [1]
  .text              ro code  0x08000e10     0x4  startup_stm32f303xe.o [1]
  .text              ro code  0x08000e14     0x4  startup_stm32f303xe.o [1]
  .text              ro code  0x08000e18     0x4  startup_stm32f303xe.o [1]
  .text              ro code  0x08000e1c     0x4  startup_stm32f303xe.o [1]
  .rodata            const    0x08000e20     0x0  zero_init3.o [5]
  .rodata            const    0x08000e20     0x0  copy_init3.o [5]
                            - 0x08000e20   0xc8c

"P2", part 1 of 3:                           0x8
  P2-1                        0x20000000     0x8  <Init block>
    .data            inited   0x20000000     0x4  port.o [1]
    .data            inited   0x20000004     0x4  tasks.o [1]
                            - 0x20000008     0x8

"P2", part 2 of 3:                         0x400
  CSTACK                      0x20000008   0x400  <Block>
    CSTACK           uninit   0x20000008   0x400  <Block tail>
                            - 0x20000408   0x400

"P2", part 3 of 3:                        0x210c
  .bss               zero     0x20000408  0x2000  heap_1.o [1]
  .bss               zero     0x20002408    0x64  tasks.o [1]
  .bss               zero     0x2000246c    0x14  tasks.o [1]
  .bss               zero     0x20002480    0x14  tasks.o [1]
  .bss               zero     0x20002494    0x14  tasks.o [1]
  .bss               zero     0x200024a8    0x14  tasks.o [1]
  .bss               zero     0x200024bc    0x14  tasks.o [1]
  .bss               zero     0x200024d0     0x4  heap_1.o [1]
  .bss               zero     0x200024d4     0x4  heap_1.o [1]
  .bss               zero     0x200024d8     0x4  port.o [1]
  .bss               zero     0x200024dc     0x4  tasks.o [1]
  .bss               zero     0x200024e0     0x4  tasks.o [1]
  .bss               zero     0x200024e4     0x4  tasks.o [1]
  .bss               zero     0x200024e8     0x4  tasks.o [1]
  .bss               zero     0x200024ec     0x4  tasks.o [1]
  .bss               zero     0x200024f0     0x4  tasks.o [1]
  .bss               zero     0x200024f4     0x4  tasks.o [1]
  .bss               zero     0x200024f8     0x4  tasks.o [1]
  .bss               zero     0x200024fc     0x4  tasks.o [1]
  .bss               zero     0x20002500     0x4  tasks.o [1]
  .bss               zero     0x20002504     0x4  tasks.o [1]
  .bss               zero     0x20002508     0x4  tasks.o [1]
  .bss               zero     0x2000250c     0x4  tasks.o [1]
  .bss               zero     0x20002510     0x1  port.o [1]
                            - 0x20002511  0x2109


*******************************************************************************
*** INIT TABLE
***

          Address     Size
          -------     ----
Zero (__iar_zero_init3)
    1 destination range, total size 0x2109:
          0x20000408  0x2109

Copy (__iar_copy_init3)
    1 source range, total size 0x8:
          0x08000cd8     0x8
    1 destination range, total size 0x8:
          0x20000000     0x8



*******************************************************************************
*** MODULE SUMMARY
***

    Module                 ro code  ro data  rw data
    ------                 -------  -------  -------
C:\Users\tsc\Documents\Kochi_STM32F303RE\Debug\Obj: [1]
    heap_1.o                   128             8 200
    list.o                      98
    main.o                       8
    port.o                     372        4        9
    portasm.o                  156
    startup_stm32f303xe.o      740
    system_stm32f3xx.o         152
    tasks.o                  1 540       12      256
    ------------------------------------------------
    Total:                   3 194       16    8 465

command line: [2]
    ------------------------------------------------
    Total:

dl7M_tln.a: [3]
    exit.o                       4
    low_level_init.o             4
    ------------------------------------------------
    Total:                       8

m7M_tls.a: [4]
    fpinit_M.o                  34
    ------------------------------------------------
    Total:                      34

rt7M_tl.a: [5]
    ABImemset.o                102
    cexit.o                     10
    cmain.o                     26
    copy_init3.o                44
    cstartup_M.o                12
    data_init.o                 40
    zero_init3.o                64
    ------------------------------------------------
    Total:                     298

shb_l.a: [6]
    exit.o                      20
    ------------------------------------------------
    Total:                      20

    Gaps                         8        2
    Linker created                       36    1 024
----------------------------------------------------
    Grand Total:             3 562       54    9 489


*******************************************************************************
*** ENTRY LIST
***

Entry                      Address    Size  Type      Object
-----                      -------    ----  ----      ------
.iar.init_table$$Base   0x08000c44           --   Gb  - Linker created -
.iar.init_table$$Limit  0x08000c68           --   Gb  - Linker created -
?main                   0x08000c69          Code  Gb  cmain.o [5]
CSTACK$$Base            0x20000008           --   Gb  - Linker created -
CSTACK$$Limit           0x20000408           --   Gb  - Linker created -
PendSV_Handler          0x08000799          Code  Gb  portasm.o [1]
Region$$Table$$Base     0x08000c44           --   Gb  - Linker created -
Region$$Table$$Limit    0x08000c68           --   Gb  - Linker created -
SVC_Handler             0x080007f5          Code  Gb  portasm.o [1]
SysTick_Handler         0x08000951    0x1e  Code  Gb  port.o [1]
SystemInit              0x08000af5    0x70  Code  Gb  system_stm32f3xx.o [1]
__aeabi_memset          0x08000a8d          Code  Gb  ABImemset.o [5]
__cmain                 0x08000c69          Code  Gb  cmain.o [5]
__exit                  0x08000ca1    0x14  Code  Gb  exit.o [6]
__iar_Memset            0x08000a8d          Code  Gb  ABImemset.o [5]
__iar_Memset_word       0x08000a95          Code  Gb  ABImemset.o [5]
__iar_copy_init3        0x08000bcd    0x2c  Code  Gb  copy_init3.o [5]
__iar_data_init3        0x08000bf9    0x28  Code  Gb  data_init.o [5]
__iar_init_vfp          0x08000c21          Code  Gb  fpinit_M.o [4]
__iar_program_start     0x08000cc5          Code  Gb  cstartup_M.o [5]
__iar_zero_init3        0x08000b8d    0x40  Code  Gb  zero_init3.o [5]
__low_level_init        0x08000c83     0x4  Code  Gb  low_level_init.o [3]
__vector_table          0x08000000          Data  Gb  startup_stm32f303xe.o [1]
_call_main              0x08000c75          Code  Gb  cmain.o [5]
_exit                   0x08000c95          Code  Gb  cexit.o [5]
_main                   0x08000c7f          Code  Gb  cmain.o [5]
exit                    0x08000c8f     0x4  Code  Gb  exit.o [3]
main                    0x08000c87     0x8  Code  Gb  main.o [1]
prvAllocateTCBAndStack  0x080006f5    0x46  Code  Lc  tasks.o [1]
prvCheckTasksWaitingTermination
                        0x08000691    0x56  Code  Lc  tasks.o [1]
prvDeleteTCB            0x0800073b    0x12  Code  Lc  tasks.o [1]
prvIdleTask             0x080005f1    0x14  Code  Lc  tasks.o [1]
prvInitialiseTCBVariables
                        0x08000605    0x48  Code  Lc  tasks.o [1]
prvInitialiseTaskLists  0x0800064d    0x44  Code  Lc  tasks.o [1]
prvTaskExitError        0x08000859    0x18  Code  Lc  port.o [1]
pvPortMalloc            0x08000a0d    0x64  Code  Gb  heap_1.o [1]
pxCurrentTCB            0x200024dc     0x4  Data  Gb  tasks.o [1]
pxDelayedTaskList       0x200024e0     0x4  Data  Lc  tasks.o [1]
pxOverflowDelayedTaskList
                        0x200024e4     0x4  Data  Lc  tasks.o [1]
pxPortInitialiseStack   0x08000835    0x24  Code  Gb  port.o [1]
pxReadyTasksLists       0x20002408    0x64  Data  Lc  tasks.o [1]
ucHeap                  0x20000408  0x2000  Data  Lc  heap_1.o [1]
ucMaxSysCallPriority    0x20002510     0x1  Data  Lc  port.o [1]
ulMaxPRIGROUPValue      0x200024d8     0x4  Data  Lc  port.o [1]
ulPortSetInterruptMask  0x080007e1          Code  Gb  portasm.o [1]
uxCriticalNesting       0x20000000     0x4  Data  Lc  port.o [1]
uxCurrentNumberOfTasks  0x200024ec     0x4  Data  Lc  tasks.o [1]
uxListRemove            0x080009e5    0x26  Code  Gb  list.o [1]
uxPendedTicks           0x20002500     0x4  Data  Lc  tasks.o [1]
uxSchedulerSuspended    0x200024fc     0x4  Data  Lc  tasks.o [1]
uxTaskNumber            0x2000250c     0x4  Data  Lc  tasks.o [1]
uxTasksDeleted          0x200024e8     0x4  Data  Lc  tasks.o [1]
uxTopReadyPriority      0x200024f4     0x4  Data  Lc  tasks.o [1]
vListInitialise         0x080009a9    0x1e  Code  Gb  list.o [1]
vListInitialiseItem     0x080009c7     0x6  Code  Gb  list.o [1]
vListInsertEnd          0x080009cd    0x18  Code  Gb  list.o [1]
vPortClearInterruptMask
                        0x080007ef          Code  Gb  portasm.o [1]
vPortEnableVFP          0x0800081b          Code  Gb  portasm.o [1]
vPortEnterCritical      0x0800091b    0x1a  Code  Gb  port.o [1]
vPortExitCritical       0x08000935    0x1c  Code  Gb  port.o [1]
vPortFree               0x08000a71     0xe  Code  Gb  heap_1.o [1]
vPortSetupTimerInterrupt
                        0x0800096f     0xe  Code  Wk  port.o [1]
vPortStartFirstTask     0x0800080d          Code  Gb  portasm.o [1]
vPortYield              0x08000909    0x12  Code  Gb  port.o [1]
vTaskStartScheduler     0x080002e1    0x4e  Code  Gb  tasks.o [1]
vTaskSuspendAll         0x0800032f    0x10  Code  Gb  tasks.o [1]
vTaskSwitchContext      0x0800056b    0x86  Code  Gb  tasks.o [1]
xDelayedTaskList1       0x2000246c    0x14  Data  Lc  tasks.o [1]
xDelayedTaskList2       0x20002480    0x14  Data  Lc  tasks.o [1]
xNextFreeByte           0x200024d0     0x4  Data  Lc  heap_1.o [1]
xNextTaskUnblockTime    0x20000004     0x4  Data  Lc  tasks.o [1]
xNumOfOverflows         0x20002508     0x4  Data  Lc  tasks.o [1]
xPendingReadyList       0x20002494    0x14  Data  Lc  tasks.o [1]
xPortStartScheduler     0x08000871    0x98  Code  Gb  port.o [1]
xSchedulerRunning       0x200024f8     0x4  Data  Lc  tasks.o [1]
xSuspendedTaskList      0x200024bc    0x14  Data  Lc  tasks.o [1]
xTaskGenericCreate      0x08000195   0x14c  Code  Gb  tasks.o [1]
xTaskIncrementTick      0x08000423   0x148  Code  Gb  tasks.o [1]
xTaskResumeAll          0x0800033f    0xe4  Code  Gb  tasks.o [1]
xTasksWaitingTermination
                        0x200024a8    0x14  Data  Lc  tasks.o [1]
xTickCount              0x200024f0     0x4  Data  Lc  tasks.o [1]
xYieldPending           0x20002504     0x4  Data  Lc  tasks.o [1]


[1] = C:\Users\tsc\Documents\Kochi_STM32F303RE\Debug\Obj
[2] = command line
[3] = dl7M_tln.a
[4] = m7M_tls.a
[5] = rt7M_tl.a
[6] = shb_l.a

  3 562 bytes of readonly  code memory
     54 bytes of readonly  data memory
  9 489 bytes of readwrite data memory

Errors: none
Warnings: none
